AUDIT tomorrows-roadworks 1487 825 rays 0 blocked
PASS tomorrows-roadworks 1487 13 preview actions, 7 native links, 14 scroll stops; focus/preview/pose/cancel callbacks.
AUDIT tomorrows-roadworks 390 825 rays 0 blocked
PASS tomorrows-roadworks 390 13 preview actions, 7 native links, 14 scroll stops; focus/preview/pose/cancel callbacks.
AUDIT tomorrows-roadworks 320 825 rays 0 blocked
PASS tomorrows-roadworks 320 13 preview actions, 7 native links, 14 scroll stops; focus/preview/pose/cancel callbacks.
AUDIT bubblegum-time 1487 825 rays 0 blocked
PASS bubblegum-time 1487 13 preview actions, 7 native links, 14 scroll stops; focus/preview/pose/cancel callbacks.
AUDIT bubblegum-time 390 825 rays 0 blocked
PASS bubblegum-time 390 13 preview actions, 7 native links, 14 scroll stops; focus/preview/pose/cancel callbacks.
AUDIT bubblegum-time 320 825 rays 0 blocked
PASS bubblegum-time 320 13 preview actions, 7 native links, 14 scroll stops; focus/preview/pose/cancel callbacks.
AUDIT after-the-flame 1487 825 rays 0 blocked
PASS after-the-flame 1487 13 preview actions, 7 native links, 14 scroll stops; focus/preview/pose/cancel callbacks.
AUDIT after-the-flame 390 825 rays 0 blocked
PASS after-the-flame 390 13 preview actions, 7 native links, 14 scroll stops; focus/preview/pose/cancel callbacks.
AUDIT after-the-flame 320 825 rays 0 blocked
PASS after-the-flame 320 13 preview actions, 7 native links, 14 scroll stops; focus/preview/pose/cancel callbacks.
AUDIT low-tide-later 1487 825 rays 0 blocked
PASS low-tide-later 1487 13 preview actions, 7 native links, 14 scroll stops; focus/preview/pose/cancel callbacks.
AUDIT low-tide-later 390 825 rays 0 blocked
PASS low-tide-later 390 13 preview actions, 7 native links, 14 scroll stops; focus/preview/pose/cancel callbacks.
AUDIT low-tide-later 320 825 rays 0 blocked
PASS low-tide-later 320 13 preview actions, 7 native links, 14 scroll stops; focus/preview/pose/cancel callbacks.
OUTSIDE not-yet-ripe 1487 /countdowns/got/ destination 0.12 0.88 [ -0.37193726565517327, -1.0100819411479398, 0.9715409262557272 ]
OUTSIDE not-yet-ripe 1487 /countdowns/got/ destination 0.3 0.88 [ -0.3488918491044301, -1.003965600620319, 0.9715409262557272 ]
AUDIT not-yet-ripe 1487 825 rays 0 blocked
PASS not-yet-ripe 1487 13 preview actions, 7 native links, 14 scroll stops; focus/preview/pose/cancel callbacks.
AUDIT not-yet-ripe 390 825 rays 0 blocked
PASS not-yet-ripe 390 13 preview actions, 7 native links, 14 scroll stops; focus/preview/pose/cancel callbacks.
AUDIT not-yet-ripe 320 825 rays 0 blocked
PASS not-yet-ripe 320 13 preview actions, 7 native links, 14 scroll stops; focus/preview/pose/cancel callbacks.
AUDIT still-drawing-tomorrow 1487 825 rays 0 blocked
PASS still-drawing-tomorrow 1487 13 preview actions, 7 native links, 14 scroll stops; focus/preview/pose/cancel callbacks.
AUDIT still-drawing-tomorrow 390 825 rays 0 blocked
PASS still-drawing-tomorrow 390 13 preview actions, 7 native links, 14 scroll stops; focus/preview/pose/cancel callbacks.
AUDIT still-drawing-tomorrow 320 825 rays 0 blocked
PASS still-drawing-tomorrow 320 13 preview actions, 7 native links, 14 scroll stops; focus/preview/pose/cancel callbacks.
AUDIT held-in-suspense 1487 825 rays 0 blocked
PASS held-in-suspense 1487 13 preview actions, 7 native links, 14 scroll stops; focus/preview/pose/cancel callbacks.
AUDIT held-in-suspense 390 825 rays 0 blocked
PASS held-in-suspense 390 13 preview actions, 7 native links, 14 scroll stops; focus/preview/pose/cancel callbacks.
AUDIT held-in-suspense 320 825 rays 0 blocked
PASS held-in-suspense 320 13 preview actions, 7 native links, 14 scroll stops; focus/preview/pose/cancel callbacks.
