BOUNDS 1487 weight_pivot {"left":1052.9430531359399,"right":1230.1593457302863,"top":443.6828861985431,"bottom":723.2141279062389} [ 4.249535014913504, 2.00548217280779, -0.642184779944911 ] [ 6.709155044367729, 4.533079316565196, 2.786443586938729 ]
BOUNDS 1487 reset_body {"left":1056.2736567411553,"right":1227.928915905553,"top":457.6797795737504,"bottom":719.573700157573} [ 4.285886621768438, 2.0317203378967292, -0.6292374196598136 ] [ 6.684112691586054, 4.488280119866943, 2.7492374840328297 ]
BOUNDS 1487 reset_face {"left":1104.0470039612803,"right":1224.8687551930134,"top":629.0557496733785,"bottom":718.8052619730843} [ 5.248552676935816, 2.053498241759315, 1.6984019327607818 ] [ 6.6514469415944575, 3.206501987122521, 2.741598064855032 ]
BOUNDS 1487 clock_d_pivot {"left":460.09027180342474,"right":549.1498239699566,"top":450.0085312454872,"bottom":677.4478761131353} [ -2.8455364406108856, 1.3274999856948853, -0.08000002468246947 ] [ -1.7244634628295898, 4.048500102406926, 0.41000000124863684 ]
BOUNDS 1487 clock_h_pivot {"left":568.3389090722657,"right":665.7716128691834,"top":430.1057052841464,"bottom":677.6900174444099} [ -1.4343492984771729, 1.4615000486373901, -0.08000002468246947 ] [ -0.2356506586074829, 4.382000249272771, 0.41000000124863684 ]
BOUNDS 1487 clock_m_pivot {"left":675.2100159035424,"right":783.1690628134163,"top":410.2416792810794,"bottom":678.2206436536121} [ -0.08457762002944946, 1.5885000228881836, -0.08000002468246947 ] [ 1.2145776748657227, 4.703999799138494, 0.41000000124863684 ]
BOUNDS 1487 clock_s_pivot {"left":802.3112854414122,"right":920.3890791855245,"top":386.7190995996166,"bottom":678.5342488628633} [ 1.4788926243782043, 1.7355000972747803, -0.08000002468246947 ] [ 2.8511070013046265, 5.071999829656072, 0.41000000124863684 ]
BOUNDS 1487 folded_lower_arm {"left":281.0565307809721,"right":1049.0414340814773,"top":342.8279040169205,"bottom":653.4550151019398} [ -5.483065605163574, 1.2697856426239014, -0.10000000149011612 ] [ 4.237675666809082, 5.684114933013916, 0.10000000149011612 ]
BOUNDS 390 weight_pivot {"left":294.7919927738089,"right":386.71118914628664,"top":550.2312318717906,"bottom":710.4199726696296} [ 1.6064987770125256, 0.05475014862347072, -1.1279375774451632 ] [ 3.809696710857249, 2.8850115017743145, 2.385707900303533 ]
BOUNDS 390 reset_body {"left":295.6235349290642,"right":384.7969432265369,"top":551.9011797375902,"bottom":708.4872334568594} [ 1.624314636137198, 0.08098813741308986, -1.1243274083921166 ] [ 3.7703971856917455, 2.8594217613448447, 2.349343371891413 ]
BOUNDS 390 reset_face {"left":297.5960066904624,"right":382.32411705057467,"top":646.1056885627722,"bottom":708.0613586922096} [ 1.6630436972404055, 0.10455320531695822, 1.35028735699202 ] [ 3.376956264612622, 1.5754466230216648, 2.3497128099009856 ]
BOUNDS 390 clock_d_pivot {"left":41.03964132571413,"right":110.91988025377547,"top":485.34981505729075,"bottom":629.4884014163445} [ -3.4455364406108857, 1.3274999856948853, -0.08000002468246947 ] [ -2.043999871170804, 4.270486157781072, 0.41000000124863684 ]
BOUNDS 390 clock_h_pivot {"left":100.4969001803979,"right":171.65238803689127,"top":468.318174383974,"bottom":623.4313561145591} [ -2.224349296092987, 1.4615000486373901, -0.08000002468246947 ] [ -0.7839999403121919, 4.6296446737112475, 0.41000000124863684 ]
BOUNDS 390 clock_m_pivot {"left":161.1219631032281,"right":234.40577787724195,"top":450.7947211749031,"bottom":617.6983848723971} [ -0.9845776319503784, 1.5885000228881836, -0.08000002468246947 ] [ 0.5060000215408355, 4.997355264073796, 0.41000000124863684 ]
BOUNDS 390 clock_s_pivot {"left":225.80341597590393,"right":301.5257963576078,"top":432.2251766213313,"bottom":611.006554102648} [ 0.338892662525177, 1.7355000972747803, -0.08000002468246947 ] [ 1.8659999762413053, 5.385018628484197, 0.41000000124863684 ]
BOUNDS 390 folded_lower_arm {"left":48.82291234693803,"right":333.28269598662035,"top":416.99209548250826,"bottom":627.2700822986164} [ -3.3487114906311035, 1.298516869544983, -0.10000000149011612 ] [ 2.5266668796539307, 5.700741291046143, 0.10000000149011612 ]
RIGGAP 390 12.764943549555086
RIGFLOOR 390 0.015750148623470572 EXACT_RESTORATION_PASS
BOUNDS 320 weight_pivot {"left":238.78633314639842,"right":310.433483573319,"top":383.47816947172225,"bottom":511.20331151680097} [ 1.6064987770125256, 0.05475014862347072, -1.1279375774451632 ] [ 3.809696710857249, 2.8850115017743145, 2.385707900303533 ]
BOUNDS 320 reset_body {"left":239.42045362800854,"right":309.8451730953162,"top":385.2564523461611,"bottom":509.6246876972925} [ 1.624314636137198, 0.08098813741308986, -1.1243274083921166 ] [ 3.7703971856917455, 2.8594217613448447, 2.349343371891413 ]
BOUNDS 320 reset_face {"left":240.9956324717424,"right":308.186747448329,"top":461.68538097638674,"bottom":509.3639017613167} [ 1.6630436972404055, 0.10455320531695822, 1.35028735699202 ] [ 3.376956264612622, 1.5754466230216648, 2.3497128099009856 ]
BOUNDS 320 clock_d_pivot {"left":39.562219628364076,"right":94.36073801770631,"top":333.45718337158314,"bottom":446.12491648936617} [ -3.4455364406108857, 1.3274999856948853, -0.08000002468246947 ] [ -2.043999871170804, 4.270486157781072, 0.41000000124863684 ]
BOUNDS 320 clock_h_pivot {"left":86.04709231665859,"right":141.76598580475775,"top":320.17470410477404,"bottom":441.43060970197956} [ -2.224349296092987, 1.4615000486373901, -0.08000002468246947 ] [ -0.7839999403121919, 4.6296446737112475, 0.41000000124863684 ]
BOUNDS 320 clock_m_pivot {"left":133.47852671139864,"right":190.85501696848968,"top":306.4978450738589,"bottom":436.9874743277078} [ -0.9845776319503784, 1.5885000228881836, -0.08000002468246947 ] [ 0.5060000215408355, 4.997355264073796, 0.41000000124863684 ]
BOUNDS 320 clock_s_pivot {"left":184.07718388747656,"right":243.44706517117635,"top":291.99252210477226,"bottom":431.7955264592334} [ 0.338892662525177, 1.7355000972747803, -0.08000002468246947 ] [ 1.8659999762413053, 5.385018628484197, 0.41000000124863684 ]
BOUNDS 320 folded_lower_arm {"left":46.00327861039381,"right":268.2038662106965,"top":280.0844152722827,"bottom":444.0855180074042} [ -3.3487114906311035, 1.298516869544983, -0.10000000149011612 ] [ 2.5266668796539307, 5.700741291046143, 0.10000000149011612 ]
RIGGAP 320 9.723978261670531
RIGFLOOR 320 0.015750148623470572 EXACT_RESTORATION_PASS
