CHECKING 1487 got:s4
CHECKING 1487 got:s3-redesign
CHECKING 1487 got:s3-classic
CHECKING 1487 dexter:s8-final
CHECKING 1487 dexter:s7-finale
CHECKING 1487 sherlock:final
CHECKING 1487 sherlock:alpha
CHECKING 1487 archer:s5-final
CHECKING 1487 breaking-bad:final
CHECKING 1487 breaking-bad:desert-parallax
CHECKING 1487 house-of-cards:s2
CHECKING 1487 severance:s2
CHECKING 1487 severance:tracker
CHECKING 1487 link_archive_got
CHECKING 1487 link_live_severance
CHECKING 1487 link_archive_breaking-bad
CHECKING 1487 link_archive_archer
CHECKING 1487 link_archive_dexter
CHECKING 1487 link_timeline_dexter
CHECKING 1487 link_archive_sherlock
PASS tomorrows-roadworks desktop 13 preview actions, 7 native links, 14 scroll stops; focus/preview/pose/cancel callbacks.
CHECKING 390 got:s4
CHECKING 390 got:s3-redesign
CHECKING 390 got:s3-classic
CHECKING 390 dexter:s8-final
CHECKING 390 dexter:s7-finale
CHECKING 390 sherlock:final
CHECKING 390 sherlock:alpha
CHECKING 390 archer:s5-final
CHECKING 390 breaking-bad:final
CHECKING 390 breaking-bad:desert-parallax
CHECKING 390 house-of-cards:s2
CHECKING 390 severance:s2
CHECKING 390 severance:tracker
CHECKING 390 link_archive_got
CHECKING 390 link_live_severance
CHECKING 390 link_archive_breaking-bad
CHECKING 390 link_archive_archer
CHECKING 390 link_archive_dexter
CHECKING 390 link_timeline_dexter
CHECKING 390 link_archive_sherlock
PASS tomorrows-roadworks phone 13 preview actions, 7 native links, 14 scroll stops; focus/preview/pose/cancel callbacks.
CHECKING 320 got:s4
CHECKING 320 got:s3-redesign
CHECKING 320 got:s3-classic
CHECKING 320 dexter:s8-final
CHECKING 320 dexter:s7-finale
CHECKING 320 sherlock:final
CHECKING 320 sherlock:alpha
CHECKING 320 archer:s5-final
CHECKING 320 breaking-bad:final
CHECKING 320 breaking-bad:desert-parallax
CHECKING 320 house-of-cards:s2
CHECKING 320 severance:s2
CHECKING 320 severance:tracker
CHECKING 320 link_archive_got
CHECKING 320 link_live_severance
CHECKING 320 link_archive_breaking-bad
CHECKING 320 link_archive_archer
CHECKING 320 link_archive_dexter
CHECKING 320 link_timeline_dexter
CHECKING 320 link_archive_sherlock
PASS tomorrows-roadworks phone 13 preview actions, 7 native links, 14 scroll stops; focus/preview/pose/cancel callbacks.
